#! /usr/bin/vvp
:ivl_version "11.0 (stable)";
:ivl_delay_selection "TYPICAL";
:vpi_time_precision + 0;
:vpi_module "/usr/lib/x86_64-linux-gnu/ivl/system.vpi";
:vpi_module "/usr/lib/x86_64-linux-gnu/ivl/vhdl_sys.vpi";
:vpi_module "/usr/lib/x86_64-linux-gnu/ivl/vhdl_textio.vpi";
:vpi_module "/usr/lib/x86_64-linux-gnu/ivl/v2005_math.vpi";
:vpi_module "/usr/lib/x86_64-linux-gnu/ivl/va_math.vpi";
:vpi_module "/usr/lib/x86_64-linux-gnu/ivl/v2009.vpi";
S_0x564b92767dc0 .scope package, "$unit" "$unit" 2 1;
 .timescale 0 0;
S_0x564b92767f50 .scope module, "b25_add" "b25_add" 3 1;
 .timescale 0 0;
    .port_info 0 /INPUT 25 "a";
    .port_info 1 /INPUT 25 "b";
    .port_info 2 /OUTPUT 25 "res";
L_0x564b927ba6f0 .functor XOR 1, L_0x564b927ba520, L_0x564b927ba5f0, C4<0>, C4<0>;
L_0x564b927ba7e0 .functor NOT 1, L_0x564b927ba6f0, C4<0>, C4<0>, C4<0>;
v0x564b927951d0_0 .net *"_ivl_11", 23 0, L_0x564b927ba8a0;  1 drivers
v0x564b927b8810_0 .net *"_ivl_13", 23 0, L_0x564b927ba990;  1 drivers
v0x564b927b88f0_0 .net *"_ivl_14", 23 0, L_0x564b927baab0;  1 drivers
v0x564b927b89b0_0 .net *"_ivl_17", 23 0, L_0x564b927bac60;  1 drivers
v0x564b927b8a90_0 .net *"_ivl_19", 23 0, L_0x564b927bad40;  1 drivers
v0x564b927b8bc0_0 .net *"_ivl_20", 0 0, L_0x564b927bade0;  1 drivers
v0x564b927b8c80_0 .net *"_ivl_23", 23 0, L_0x564b927baf70;  1 drivers
v0x564b927b8d60_0 .net *"_ivl_25", 23 0, L_0x564b927bb010;  1 drivers
v0x564b927b8e40_0 .net *"_ivl_26", 23 0, L_0x564b927bb1a0;  1 drivers
v0x564b927b8fb0_0 .net *"_ivl_29", 23 0, L_0x564b927bb240;  1 drivers
v0x564b927b9090_0 .net *"_ivl_3", 0 0, L_0x564b927ba520;  1 drivers
v0x564b927b9170_0 .net *"_ivl_31", 23 0, L_0x564b927bb350;  1 drivers
v0x564b927b9250_0 .net *"_ivl_32", 23 0, L_0x564b927bb3f0;  1 drivers
v0x564b927b9330_0 .net *"_ivl_34", 23 0, L_0x564b927bb590;  1 drivers
v0x564b927b9410_0 .net *"_ivl_36", 23 0, L_0x564b927bb720;  1 drivers
v0x564b927b94f0_0 .net *"_ivl_42", 23 0, L_0x564b927bba30;  1 drivers
L_0x7f0b2b423018 .functor BUFT 1, C4<000000000000000000000000>, C4<0>, C4<0>, C4<0>;
v0x564b927b95d0_0 .net/2u *"_ivl_43", 23 0, L_0x7f0b2b423018;  1 drivers
v0x564b927b97c0_0 .net *"_ivl_45", 0 0, L_0x564b927cbbd0;  1 drivers
L_0x7f0b2b423060 .functor BUFT 1, C4<0>, C4<0>, C4<0>, C4<0>;
v0x564b927b9880_0 .net/2u *"_ivl_47", 0 0, L_0x7f0b2b423060;  1 drivers
v0x564b927b9960_0 .net *"_ivl_5", 0 0, L_0x564b927ba5f0;  1 drivers
v0x564b927b9a40_0 .net *"_ivl_50", 23 0, L_0x564b927cbd10;  1 drivers
v0x564b927b9b20_0 .net *"_ivl_52", 23 0, L_0x564b927bbb20;  1 drivers
v0x564b927b9c00_0 .net *"_ivl_53", 0 0, L_0x564b927cbe60;  1 drivers
v0x564b927b9cc0_0 .net *"_ivl_56", 0 0, L_0x564b927cc060;  1 drivers
v0x564b927b9da0_0 .net *"_ivl_58", 0 0, L_0x564b927cc100;  1 drivers
v0x564b927b9e80_0 .net *"_ivl_59", 0 0, L_0x564b927cc270;  1 drivers
v0x564b927b9f60_0 .net *"_ivl_6", 0 0, L_0x564b927ba6f0;  1 drivers
v0x564b927ba040_0 .net *"_ivl_61", 0 0, L_0x564b927cc430;  1 drivers
v0x564b927ba120_0 .net *"_ivl_8", 0 0, L_0x564b927ba7e0;  1 drivers
o0x7f0b2b46c588 .functor BUFZ 25, C4<zzzzzzzzzzzzzzzzzzzzzzzzz>; HiZ drive
v0x564b927ba200_0 .net "a", 24 0, o0x7f0b2b46c588;  0 drivers
o0x7f0b2b46c5b8 .functor BUFZ 25, C4<zzzzzzzzzzzzzzzzzzzzzzzzz>; HiZ drive
v0x564b927ba2e0_0 .net "b", 24 0, o0x7f0b2b46c5b8;  0 drivers
v0x564b927ba3c0_0 .net "res", 24 0, L_0x564b927bb940;  1 drivers
L_0x564b927ba520 .part o0x7f0b2b46c588, 24, 1;
L_0x564b927ba5f0 .part o0x7f0b2b46c5b8, 24, 1;
L_0x564b927ba8a0 .part o0x7f0b2b46c588, 0, 24;
L_0x564b927ba990 .part o0x7f0b2b46c5b8, 0, 24;
L_0x564b927baab0 .arith/sum 24, L_0x564b927ba8a0, L_0x564b927ba990;
L_0x564b927bac60 .part o0x7f0b2b46c588, 0, 24;
L_0x564b927bad40 .part o0x7f0b2b46c5b8, 0, 24;
L_0x564b927bade0 .cmp/gt 24, L_0x564b927bac60, L_0x564b927bad40;
L_0x564b927baf70 .part o0x7f0b2b46c588, 0, 24;
L_0x564b927bb010 .part o0x7f0b2b46c5b8, 0, 24;
L_0x564b927bb1a0 .arith/sub 24, L_0x564b927baf70, L_0x564b927bb010;
L_0x564b927bb240 .part o0x7f0b2b46c5b8, 0, 24;
L_0x564b927bb350 .part o0x7f0b2b46c588, 0, 24;
L_0x564b927bb3f0 .arith/sub 24, L_0x564b927bb240, L_0x564b927bb350;
L_0x564b927bb590 .functor MUXZ 24, L_0x564b927bb3f0, L_0x564b927bb1a0, L_0x564b927bade0, C4<>;
L_0x564b927bb720 .functor MUXZ 24, L_0x564b927bb590, L_0x564b927baab0, L_0x564b927ba7e0, C4<>;
L_0x564b927bb940 .concat8 [ 24 1 0 0], L_0x564b927bb720, L_0x564b927cc430;
L_0x564b927bba30 .part L_0x564b927bb940, 0, 24;
L_0x564b927cbbd0 .cmp/eq 24, L_0x564b927bba30, L_0x7f0b2b423018;
L_0x564b927cbd10 .part o0x7f0b2b46c588, 0, 24;
L_0x564b927bbb20 .part o0x7f0b2b46c5b8, 0, 24;
L_0x564b927cbe60 .cmp/gt 24, L_0x564b927bbb20, L_0x564b927cbd10;
L_0x564b927cc060 .part o0x7f0b2b46c5b8, 24, 1;
L_0x564b927cc100 .part o0x7f0b2b46c588, 24, 1;
L_0x564b927cc270 .functor MUXZ 1, L_0x564b927cc100, L_0x564b927cc060, L_0x564b927cbe60, C4<>;
L_0x564b927cc430 .functor MUXZ 1, L_0x564b927cc270, L_0x7f0b2b423060, L_0x564b927cbbd0, C4<>;
# The file index is used to find the file name in the following table.
:file_names 4;
    "N/A";
    "<interactive>";
    "-";
    "arithmetic/b25_add.sv";
